#
# There is insufficient memory for the Java Runtime Environment to continue.
# Native memory allocation (malloc) failed to allocate 1048576 bytes. Error detail: AllocateHeap
# Possible reasons:
#   The system is out of physical RAM or swap space
#   This process is running with CompressedOops enabled, and the Java Heap may be blocking the growth of the native heap
# Possible solutions:
#   Reduce memory load on the system
#   Increase physical memory or swap space
#   Check if swap backing store is full
#   Decrease Java heap size (-Xmx/-Xms)
#   Decrease number of Java threads
#   Decrease Java thread stack sizes (-Xss)
#   Set larger code cache with -XX:ReservedCodeCacheSize=
#   JVM is running with Unscaled Compressed Oops mode in which the Java heap is
#     placed in the first 4GB address space. The Java Heap base address is the
#     maximum limit for the native heap growth. Please use -XX:HeapBaseMinAddress
#     to set the Java Heap base and to place the Java Heap above 4GB virtual address.
# This output file may be truncated or incomplete.
#
#  Out of Memory Error (allocation.cpp:44), pid=9128, tid=13128
#
# JRE version: OpenJDK Runtime Environment Temurin-21.0.10+7 (21.0.10+7) (build 21.0.10+7-LTS)
# Java VM: OpenJDK 64-Bit Server VM Temurin-21.0.10+7 (21.0.10+7-LTS, mixed mode, sharing, tiered, compressed oops, compressed class ptrs, parallel gc, windows-amd64)
# No core dump will be written. Minidumps are not enabled by default on client versions of Windows
#

---------------  S U M M A R Y ------------

Command Line: --add-modules=ALL-SYSTEM --add-opens=java.base/java.util=ALL-UNNAMED --add-opens=java.base/java.lang=ALL-UNNAMED --add-opens=java.base/sun.nio.fs=ALL-UNNAMED -Declipse.application=org.eclipse.jdt.ls.core.id1 -Dosgi.bundles.defaultStartLevel=4 -Declipse.product=org.eclipse.jdt.ls.core.product -Djava.import.generatesMetadataFilesAtProjectRoot=false -DDetectVMInstallationsJob.disabled=true -Dfile.encoding=utf8 -XX:+UseParallelGC -XX:GCTimeRatio=4 -XX:AdaptiveSizePolicyWeight=90 -Dsun.zip.disableMemoryMapping=true -Xmx2G -Xms100m -Xlog:disable -javaagent:c:\Users\lenovo\.vscode\extensions\redhat.java-1.53.0-win32-x64\lombok\lombok-1.18.39-4050.jar -XX:+HeapDumpOnOutOfMemoryError -XX:HeapDumpPath=c:\Users\lenovo\AppData\Roaming\Code\User\workspaceStorage\f5065a6ad8300c071201bc6b57242a69\redhat.java -Daether.dependencyCollector.impl=bf c:\Users\lenovo\.vscode\extensions\redhat.java-1.53.0-win32-x64\server\plugins\org.eclipse.equinox.launcher_1.7.100.v20251111-0406.jar -configuration c:\Users\lenovo\AppData\Roaming\Code\User\globalStorage\redhat.java\1.53.0\config_win -data c:\Users\lenovo\AppData\Roaming\Code\User\workspaceStorage\f5065a6ad8300c071201bc6b57242a69\redhat.java\jdt_ws --pipe=\\.\pipe\lsp-ad2fd0f383ca82334d0fdb00b1f0e4c3-sock

Host: Intel(R) Core(TM) i5-1035G1 CPU @ 1.00GHz, 8 cores, 3G,  Windows 10 , 64 bit Build 19041 (10.0.19041.5915)
Time: Sun Mar  8 13:01:09 2026 India Standard Time elapsed time: 8369.850452 seconds (0d 2h 19m 29s)

---------------  T H R E A D  ---------------

Current thread (0x00000252f2dd5650):  JavaThread "Attach Listener" daemon [_thread_in_vm, id=13128, stack(0x000000c6a7200000,0x000000c6a7300000) (1024K)]

Stack: [0x000000c6a7200000,0x000000c6a7300000]
Native frames: (J=compiled Java code, j=interpreted, Vv=VM code, C=native code)
V  [jvm.dll+0x6d7a39]
V  [jvm.dll+0x8b4b26]
V  [jvm.dll+0x8b70de]
V  [jvm.dll+0x8b77c3]
V  [jvm.dll+0x284346]
V  [jvm.dll+0xc1277]
V  [jvm.dll+0x6d82e9]
V  [jvm.dll+0x1334a6]
V  [jvm.dll+0x3f857e]
V  [jvm.dll+0x85f59d]
V  [jvm.dll+0x6d626d]
C  [ucrtbase.dll+0x21bb2]
C  [KERNEL32.DLL+0x17374]
C  [ntdll.dll+0x4cc91]


---------------  P R O C E S S  ---------------

Threads class SMR info:
_java_thread_list=0x00000252fccabb90, length=37, elements={
0x00000252dc3673d0, 0x00000252f2dcf890, 0x00000252f2dd0f30, 0x00000252f2dd4680,
0x00000252f2dd5650, 0x00000252f2dd7510, 0x00000252f2dd8cb0, 0x00000252f2dddd80,
0x00000252f2ddecd0, 0x00000252f4883fe0, 0x00000252f49b04f0, 0x00000252f90dd590,
0x00000252f48bab50, 0x00000252f9014ae0, 0x00000252f9053780, 0x00000252f9c66ab0,
0x00000252f914ffb0, 0x00000252f988ca30, 0x00000252f97685d0, 0x00000252f9765e70,
0x00000252fbce00d0, 0x00000252fbce0760, 0x00000252fbce5cb0, 0x00000252fbce4f90,
0x00000252fbce0df0, 0x00000252fbce69d0, 0x00000252fbce2ec0, 0x00000252fbce1480,
0x00000252fbce1b10, 0x00000252fbce5620, 0x00000252fbce6340, 0x00000252fbce21a0,
0x00000252fb97bf80, 0x00000252fcde1480, 0x00000252fcde5620, 0x00000252fcde2830,
0x00000252fcde7060
}

Java Threads: ( => current thread )
  0x00000252dc3673d0 JavaThread "main"                              [_thread_blocked, id=25244, stack(0x000000c6a6b00000,0x000000c6a6c00000) (1024K)]
  0x00000252f2dcf890 JavaThread "Reference Handler"          daemon [_thread_blocked, id=5792, stack(0x000000c6a6f00000,0x000000c6a7000000) (1024K)]
  0x00000252f2dd0f30 JavaThread "Finalizer"                  daemon [_thread_blocked, id=4160, stack(0x000000c6a7000000,0x000000c6a7100000) (1024K)]
  0x00000252f2dd4680 JavaThread "Signal Dispatcher"          daemon [_thread_blocked, id=24192, stack(0x000000c6a7100000,0x000000c6a7200000) (1024K)]
=>0x00000252f2dd5650 JavaThread "Attach Listener"            daemon [_thread_in_vm, id=13128, stack(0x000000c6a7200000,0x000000c6a7300000) (1024K)]
  0x00000252f2dd7510 JavaThread "Service Thread"             daemon [_thread_blocked, id=13548, stack(0x000000c6a7300000,0x000000c6a7400000) (1024K)]
  0x00000252f2dd8cb0 JavaThread "Monitor Deflation Thread"   daemon [_thread_blocked, id=23664, stack(0x000000c6a7400000,0x000000c6a7500000) (1024K)]
  0x00000252f2dddd80 JavaThread "C2 CompilerThread0"         daemon [_thread_blocked, id=9024, stack(0x000000c6a7500000,0x000000c6a7600000) (1024K)]
  0x00000252f2ddecd0 JavaThread "C1 CompilerThread0"         daemon [_thread_blocked, id=15328, stack(0x000000c6a7600000,0x000000c6a7700000) (1024K)]
  0x00000252f4883fe0 JavaThread "Common-Cleaner"             daemon [_thread_blocked, id=15164, stack(0x000000c6a7700000,0x000000c6a7800000) (1024K)]
  0x00000252f49b04f0 JavaThread "Notification Thread"        daemon [_thread_blocked, id=21192, stack(0x000000c6a7800000,0x000000c6a7900000) (1024K)]
  0x00000252f90dd590 JavaThread "Active Thread: Equinox Container: ea810941-d903-48c5-bc07-59c2d7670b5f"        [_thread_blocked, id=19012, stack(0x000000c6a7f00000,0x000000c6a8000000) (1024K)]
  0x00000252f48bab50 JavaThread "Refresh Thread: Equinox Container: ea810941-d903-48c5-bc07-59c2d7670b5f" daemon [_thread_blocked, id=11800, stack(0x000000c6a8100000,0x000000c6a8200000) (1024K)]
  0x00000252f9014ae0 JavaThread "Framework Event Dispatcher: Equinox Container: ea810941-d903-48c5-bc07-59c2d7670b5f" daemon [_thread_blocked, id=9472, stack(0x000000c6a8200000,0x000000c6a8300000) (1024K)]
  0x00000252f9053780 JavaThread "Start Level: Equinox Container: ea810941-d903-48c5-bc07-59c2d7670b5f" daemon [_thread_blocked, id=8992, stack(0x000000c6a8300000,0x000000c6a8400000) (1024K)]
  0x00000252f9c66ab0 JavaThread "Bundle File Closer"         daemon [_thread_blocked, id=3612, stack(0x000000c6a8400000,0x000000c6a8500000) (1024K)]
  0x00000252f914ffb0 JavaThread "SCR Component Actor"        daemon [_thread_blocked, id=6364, stack(0x000000c6a8500000,0x000000c6a8600000) (1024K)]
  0x00000252f988ca30 JavaThread "Worker-JM"                         [_thread_blocked, id=15340, stack(0x000000c6a8600000,0x000000c6a8700000) (1024K)]
  0x00000252f97685d0 JavaThread "JNA Cleaner"                daemon [_thread_blocked, id=6584, stack(0x000000c6a8700000,0x000000c6a8800000) (1024K)]
  0x00000252f9765e70 JavaThread "Java indexing"              daemon [_thread_blocked, id=22124, stack(0x000000c6a8b00000,0x000000c6a8c00000) (1024K)]
  0x00000252fbce00d0 JavaThread "Thread-1"                   daemon [_thread_in_native, id=4672, stack(0x000000c6a8e00000,0x000000c6a8f00000) (1024K)]
  0x00000252fbce0760 JavaThread "Thread-2"                   daemon [_thread_in_native, id=11908, stack(0x000000c6a8f00000,0x000000c6a9000000) (1024K)]
  0x00000252fbce5cb0 JavaThread "Thread-3"                   daemon [_thread_in_native, id=17316, stack(0x000000c6a9000000,0x000000c6a9100000) (1024K)]
  0x00000252fbce4f90 JavaThread "Thread-4"                   daemon [_thread_in_native, id=15152, stack(0x000000c6a9100000,0x000000c6a9200000) (1024K)]
  0x00000252fbce0df0 JavaThread "Thread-5"                   daemon [_thread_in_native, id=18052, stack(0x000000c6a9200000,0x000000c6a9300000) (1024K)]
  0x00000252fbce69d0 JavaThread "Thread-6"                   daemon [_thread_in_native, id=17264, stack(0x000000c6a9300000,0x000000c6a9400000) (1024K)]
  0x00000252fbce2ec0 JavaThread "Thread-7"                   daemon [_thread_in_native, id=19544, stack(0x000000c6a9400000,0x000000c6a9500000) (1024K)]
  0x00000252fbce1480 JavaThread "Thread-8"                   daemon [_thread_in_native, id=4632, stack(0x000000c6a9500000,0x000000c6a9600000) (1024K)]
  0x00000252fbce1b10 JavaThread "Thread-9"                   daemon [_thread_in_native, id=11684, stack(0x000000c6a9600000,0x000000c6a9700000) (1024K)]
  0x00000252fbce5620 JavaThread "pool-2-thread-1"                   [_thread_blocked, id=22404, stack(0x000000c6a9700000,0x000000c6a9800000) (1024K)]
  0x00000252fbce6340 JavaThread "WorkspaceEventsHandler"            [_thread_blocked, id=16508, stack(0x000000c6a9800000,0x000000c6a9900000) (1024K)]
  0x00000252fbce21a0 JavaThread "pool-1-thread-1"                   [_thread_blocked, id=23224, stack(0x000000c6a9900000,0x000000c6a9a00000) (1024K)]
  0x00000252fb97bf80 JavaThread "Cleaner-0"                  daemon [_thread_blocked, id=12432, stack(0x000000c6a6a00000,0x000000c6a6b00000) (1024K)]
  0x00000252fcde1480 JavaThread "Worker-12"                         [_thread_blocked, id=13984, stack(0x000000c6a8d00000,0x000000c6a8e00000) (1024K)]
  0x00000252fcde5620 JavaThread "Worker-14"                         [_thread_blocked, id=11516, stack(0x000000c6aa000000,0x000000c6aa100000) (1024K)]
  0x00000252fcde2830 JavaThread "ForkJoinPool.commonPool-worker-24" daemon [_thread_blocked, id=18904, stack(0x000000c6a6800000,0x000000c6a6900000) (1024K)]
  0x00000252fcde7060 JavaThread "ForkJoinPool.commonPool-worker-26" daemon [_thread_blocked, id=14732, stack(0x000000c6a8800000,0x000000c6a8900000) (1024K)]
Total: 37

Other Threads:
  0x00000252dc422920 VMThread "VM Thread"                           [id=20084, stack(0x000000c6a6e00000,0x000000c6a6f00000) (1024K)]
  0x00000252dc3d32e0 WatcherThread "VM Periodic Task Thread"        [id=18436, stack(0x000000c6a6d00000,0x000000c6a6e00000) (1024K)]
  0x00000252dc385ee0 WorkerThread "GC Thread#0"                     [id=548, stack(0x000000c6a6c00000,0x000000c6a6d00000) (1024K)]
  0x00000252f91c7180 WorkerThread "GC Thread#1"                     [id=21664, stack(0x000000c6a7900000,0x000000c6a7a00000) (1024K)]
  0x00000252f91c7530 WorkerThread "GC Thread#2"                     [id=1144, stack(0x000000c6a7a00000,0x000000c6a7b00000) (1024K)]
  0x00000252f4a21fd0 WorkerThread "GC Thread#3"                     [id=7244, stack(0x000000c6a7b00000,0x000000c6a7c00000) (1024K)]
  0x00000252f4a22380 WorkerThread "GC Thread#4"                     [id=11400, stack(0x000000c6a7c00000,0x000000c6a7d00000) (1024K)]
  0x00000252f4a22730 WorkerThread "GC Thread#5"                     [id=23444, stack(0x000000c6a7d00000,0x000000c6a7e00000) (1024K)]
  0x00000252f92ad0c0 WorkerThread "GC Thread#6"                     [id=9084, stack(0x000000c6a7e00000,0x000000c6a7f00000) (1024K)]
  0x00000252f966abd0 WorkerThread "GC Thread#7"                     [id=22608, stack(0x000000c6a8000000,0x000000c6a8100000) (1024K)]
Total: 10

Threads with active compile tasks:
Total: 0

VM state: not at safepoint (normal execution)

VM Mutex/Monitor currently owned by a thread: None

Heap address: 0x0000000080000000, size: 2048 MB, Compressed Oops mode: 32-bit

CDS archive(s) mapped at: [0x0000025280000000-0x0000025280ba0000-0x0000025280ba0000), size 12189696, SharedBaseAddress: 0x0000025280000000, ArchiveRelocationMode: 1.
Compressed class space mapped at: 0x0000025281000000-0x00000252c1000000, reserved size: 1073741824
Narrow klass base: 0x0000025280000000, Narrow klass shift: 0, Narrow klass range: 0x100000000

GC Precious Log:
 CardTable entry size: 512
 CPUs: 8 total, 8 available
 Memory: 3891M
 Large Page Support: Disabled
 NUMA Support: Disabled
 Compressed Oops: Enabled (32-bit)
 Alignments: Space 512K, Generation 512K, Heap 2M
 Heap Min Capacity: 100M
 Heap Initial Capacity: 100M
 Heap Max Capacity: 2G
 Pre-touch: Disabled
 Parallel Workers: 8

Heap:
 PSYoungGen      total 10240K, used 5643K [0x00000000d5580000, 0x00000000d6380000, 0x0000000100000000)
  eden space 8704K, 52% used [0x00000000d5580000,0x00000000d59f2f80,0x00000000d5e00000)
  from space 1536K, 70% used [0x00000000d5e00000,0x00000000d5f10000,0x00000000d5f80000)
  to   space 2560K, 0% used [0x00000000d6100000,0x00000000d6100000,0x00000000d6380000)
 ParOldGen       total 869376K, used 760940K [0x0000000080000000, 0x00000000b5100000, 0x00000000d5580000)
  object space 869376K, 87% used [0x0000000080000000,0x00000000ae71b188,0x00000000b5100000)
 Metaspace       used 94819K, committed 96576K, reserved 1179648K
  class space    used 9500K, committed 10304K, reserved 1048576K

Card table byte_map: [0x00000252dbd40000,0x00000252dc150000] _byte_map_base: 0x00000252db940000

Marking Bits: (ParMarkBitMap*) 0x00007ffe1cef3450
 Begin Bits: [0x00000252ee820000, 0x00000252f0820000)
 End Bits:   [0x00000252f0820000, 0x00000252f2820000)

Polling page: 0x00000252dbb30000

Metaspace:

Usage:
  Non-class:     83.32 MB used.
      Class:      9.28 MB used.
       Both:     92.60 MB used.

Virtual space:
  Non-class space:      128.00 MB reserved,      84.25 MB ( 66%) committed,  2 nodes.
      Class space:        1.00 GB reserved,      10.06 MB ( <1%) committed,  1 nodes.
             Both:        1.12 GB reserved,      94.31 MB (  8%) committed. 

Chunk freelists:
   Non-Class:  11.56 MB
       Class:  5.84 MB
        Both:  17.40 MB

MaxMetaspaceSize: unlimited
CompressedClassSpaceSize: 1.00 GB
Initial GC threshold: 21.00 MB
Current GC threshold: 154.94 MB
CDS: on
 - commit_granule_bytes: 65536.
 - commit_granule_words: 8192.
 - virtual_space_node_default_size: 8388608.
 - enlarge_chunks_in_place: 1.
 - use_allocation_guard: 0.


Internal statistics:

num_allocs_failed_limit: 11.
num_arena_births: 2082.
num_arena_deaths: 502.
num_vsnodes_births: 3.
num_vsnodes_deaths: 0.
num_space_committed: 1509.
num_space_uncommitted: 0.
num_chunks_returned_to_freelist: 611.
num_chunks_taken_from_freelist: 7217.
num_chunk_merges: 187.
num_chunk_splits: 4035.
num_chunks_enlarged: 2038.
num_inconsistent_stats: 0.

CodeHeap 'non-profiled nmethods': size=120000Kb used=25823Kb max_used=25823Kb free=94176Kb
 bounds [0x00000252e7040000, 0x00000252e8980000, 0x00000252ee570000]
CodeHeap 'profiled nmethods': size=120000Kb used=50350Kb max_used=55769Kb free=69649Kb
 bounds [0x00000252df570000, 0x00000252e2bf0000, 0x00000252e6aa0000]
CodeHeap 'non-nmethods': size=5760Kb used=1542Kb max_used=1628Kb free=4217Kb
 bounds [0x00000252e6aa0000, 0x00000252e6d10000, 0x00000252e7040000]
CodeCache: size=245760Kb, used=77715Kb, max_used=83220Kb, free=168042Kb
 total_blobs=21964, nmethods=21112, adapters=750, full_count=0
Compilation: enabled, stopped_count=0, restarted_count=0

Compilation events (20 events):
Event: 8242.688 Thread 0x00000252f2dddd80 29702       4       org.eclipse.jdt.internal.core.builder.ClasspathJrt::equals (81 bytes)
Event: 8242.703 Thread 0x00000252f2dddd80 nmethod 29702 0x00000252e8972390 code [0x00000252e8972560, 0x00000252e8972be8]
Event: 8242.730 Thread 0x00000252f2ddecd0 29703       3       org.eclipse.jdt.internal.core.search.matching.MatchLocatorParser::consumeEnterVariable (109 bytes)
Event: 8242.738 Thread 0x00000252f2ddecd0 nmethod 29703 0x00000252e1b2d190 code [0x00000252e1b2d3a0, 0x00000252e1b2da70]
Event: 8243.172 Thread 0x00000252f2dddd80 29704       4       org.eclipse.jdt.internal.compiler.classfmt.AnnotationInfo::decodeDefaultValue (871 bytes)
Event: 8243.383 Thread 0x00000252f2dddd80 nmethod 29704 0x00000252e8973010 code [0x00000252e8973380, 0x00000252e8975d38]
Event: 8243.385 Thread 0x00000252f2dddd80 29705       4       org.eclipse.jdt.internal.core.builder.ClasspathJrt::isPackage (16 bytes)
Event: 8243.393 Thread 0x00000252f2dddd80 nmethod 29705 0x00000252e8976d90 code [0x00000252e8976f20, 0x00000252e8977000]
Event: 8243.515 Thread 0x00000252f2ddecd0 29707       3       org.eclipse.jdt.internal.core.search.matching.MemberDeclarationVisitor::matchNode (50 bytes)
Event: 8243.515 Thread 0x00000252f2ddecd0 nmethod 29707 0x00000252e1b2ca90 code [0x00000252e1b2cc40, 0x00000252e1b2cf10]
Event: 8243.516 Thread 0x00000252f2ddecd0 29706       3       org.eclipse.jdt.internal.compiler.ASTVisitor::endVisit (1 bytes)
Event: 8243.517 Thread 0x00000252f2ddecd0 nmethod 29706 0x00000252e02efa10 code [0x00000252e02efba0, 0x00000252e02efca8]
Event: 8244.630 Thread 0x00000252f2ddecd0 29708       3       java.util.HashMap$Values::toArray (16 bytes)
Event: 8244.641 Thread 0x00000252f2ddecd0 nmethod 29708 0x00000252e179e210 code [0x00000252e179e3c0, 0x00000252e179e5d8]
Event: 8244.671 Thread 0x00000252f2ddecd0 29709       3       org.eclipse.jdt.core.dom.ASTMatcher::safeSubtreeListMatch (91 bytes)
Event: 8244.676 Thread 0x00000252f2ddecd0 nmethod 29709 0x00000252e1cf0790 code [0x00000252e1cf0a00, 0x00000252e1cf1558]
Event: 8244.678 Thread 0x00000252f2dddd80 29710       4       org.eclipse.jdt.core.NamingConventions::convertStringToChars (55 bytes)
Event: 8244.684 Thread 0x00000252f2dddd80 nmethod 29710 0x00000252e8977110 code [0x00000252e89772c0, 0x00000252e8977580]
Event: 8251.004 Thread 0x00000252f2dddd80 29711       4       org.eclipse.jdt.internal.core.InternalNamingConventions::getBaseName (178 bytes)
Event: 8251.029 Thread 0x00000252f2dddd80 nmethod 29711 0x00000252e8977710 code [0x00000252e89778e0, 0x00000252e8977bf8]

GC Heap History (20 events):
Event: 8242.663 GC heap before
{Heap before GC invocations=2382 (full 6):
 PSYoungGen      total 5120K, used 4755K [0x00000000d5580000, 0x00000000d5e80000, 0x0000000100000000)
  eden space 2560K, 100% used [0x00000000d5580000,0x00000000d5800000,0x00000000d5800000)
  from space 2560K, 85% used [0x00000000d5800000,0x00000000d5a24c48,0x00000000d5a80000)
  to   space 3072K, 0% used [0x00000000d5b80000,0x00000000d5b80000,0x00000000d5e80000)
 ParOldGen       total 869376K, used 746986K [0x0000000080000000, 0x00000000b5100000, 0x00000000d5580000)
  object space 869376K, 85% used [0x0000000080000000,0x00000000ad97ab20,0x00000000b5100000)
 Metaspace       used 94817K, committed 96576K, reserved 1179648K
  class space    used 9500K, committed 10304K, reserved 1048576K
}
Event: 8242.685 GC heap after
{Heap after GC invocations=2382 (full 6):
 PSYoungGen      total 5632K, used 2088K [0x00000000d5580000, 0x00000000d5e00000, 0x0000000100000000)
  eden space 3072K, 0% used [0x00000000d5580000,0x00000000d5580000,0x00000000d5880000)
  from space 2560K, 81% used [0x00000000d5b80000,0x00000000d5d8a090,0x00000000d5e00000)
  to   space 2560K, 0% used [0x00000000d5900000,0x00000000d5900000,0x00000000d5b80000)
 ParOldGen       total 869376K, used 749040K [0x0000000080000000, 0x00000000b5100000, 0x00000000d5580000)
  object space 869376K, 86% used [0x0000000080000000,0x00000000adb7c2e8,0x00000000b5100000)
 Metaspace       used 94817K, committed 96576K, reserved 1179648K
  class space    used 9500K, committed 10304K, reserved 1048576K
}
Event: 8242.856 GC heap before
{Heap before GC invocations=2383 (full 6):
 PSYoungGen      total 5632K, used 5160K [0x00000000d5580000, 0x00000000d5e00000, 0x0000000100000000)
  eden space 3072K, 100% used [0x00000000d5580000,0x00000000d5880000,0x00000000d5880000)
  from space 2560K, 81% used [0x00000000d5b80000,0x00000000d5d8a090,0x00000000d5e00000)
  to   space 2560K, 0% used [0x00000000d5900000,0x00000000d5900000,0x00000000d5b80000)
 ParOldGen       total 869376K, used 749040K [0x0000000080000000, 0x00000000b5100000, 0x00000000d5580000)
  object space 869376K, 86% used [0x0000000080000000,0x00000000adb7c2e8,0x00000000b5100000)
 Metaspace       used 94818K, committed 96576K, reserved 1179648K
  class space    used 9500K, committed 10304K, reserved 1048576K
}
Event: 8242.863 GC heap after
{Heap after GC invocations=2383 (full 6):
 PSYoungGen      total 4608K, used 1012K [0x00000000d5580000, 0x00000000d5c80000, 0x0000000100000000)
  eden space 3584K, 0% used [0x00000000d5580000,0x00000000d5580000,0x00000000d5900000)
  from space 1024K, 98% used [0x00000000d5900000,0x00000000d59fd200,0x00000000d5a00000)
  to   space 1536K, 0% used [0x00000000d5b00000,0x00000000d5b00000,0x00000000d5c80000)
 ParOldGen       total 869376K, used 749232K [0x0000000080000000, 0x00000000b5100000, 0x00000000d5580000)
  object space 869376K, 86% used [0x0000000080000000,0x00000000adbac2f8,0x00000000b5100000)
 Metaspace       used 94818K, committed 96576K, reserved 1179648K
  class space    used 9500K, committed 10304K, reserved 1048576K
}
Event: 8242.870 GC heap before
{Heap before GC invocations=2384 (full 6):
 PSYoungGen      total 4608K, used 4596K [0x00000000d5580000, 0x00000000d5c80000, 0x0000000100000000)
  eden space 3584K, 100% used [0x00000000d5580000,0x00000000d5900000,0x00000000d5900000)
  from space 1024K, 98% used [0x00000000d5900000,0x00000000d59fd200,0x00000000d5a00000)
  to   space 1536K, 0% used [0x00000000d5b00000,0x00000000d5b00000,0x00000000d5c80000)
 ParOldGen       total 869376K, used 749232K [0x0000000080000000, 0x00000000b5100000, 0x00000000d5580000)
  object space 869376K, 86% used [0x0000000080000000,0x00000000adbac2f8,0x00000000b5100000)
 Metaspace       used 94818K, committed 96576K, reserved 1179648K
  class space    used 9500K, committed 10304K, reserved 1048576K
}
Event: 8242.879 GC heap after
{Heap after GC invocations=2384 (full 6):
 PSYoungGen      total 5632K, used 640K [0x00000000d5580000, 0x00000000d5c00000, 0x0000000100000000)
  eden space 4608K, 0% used [0x00000000d5580000,0x00000000d5580000,0x00000000d5a00000)
  from space 1024K, 62% used [0x00000000d5b00000,0x00000000d5ba0000,0x00000000d5c00000)
  to   space 1024K, 0% used [0x00000000d5a00000,0x00000000d5a00000,0x00000000d5b00000)
 ParOldGen       total 869376K, used 750141K [0x0000000080000000, 0x00000000b5100000, 0x00000000d5580000)
  object space 869376K, 86% used [0x0000000080000000,0x00000000adc8f508,0x00000000b5100000)
 Metaspace       used 94818K, committed 96576K, reserved 1179648K
  class space    used 9500K, committed 10304K, reserved 1048576K
}
Event: 8242.884 GC heap before
{Heap before GC invocations=2385 (full 6):
 PSYoungGen      total 5632K, used 5248K [0x00000000d5580000, 0x00000000d5c00000, 0x0000000100000000)
  eden space 4608K, 100% used [0x00000000d5580000,0x00000000d5a00000,0x00000000d5a00000)
  from space 1024K, 62% used [0x00000000d5b00000,0x00000000d5ba0000,0x00000000d5c00000)
  to   space 1024K, 0% used [0x00000000d5a00000,0x00000000d5a00000,0x00000000d5b00000)
 ParOldGen       total 869376K, used 750141K [0x0000000080000000, 0x00000000b5100000, 0x00000000d5580000)
  object space 869376K, 86% used [0x0000000080000000,0x00000000adc8f508,0x00000000b5100000)
 Metaspace       used 94818K, committed 96576K, reserved 1179648K
  class space    used 9500K, committed 10304K, reserved 1048576K
}
Event: 8242.888 GC heap after
{Heap after GC invocations=2385 (full 6):
 PSYoungGen      total 5632K, used 352K [0x00000000d5580000, 0x00000000d5c00000, 0x0000000100000000)
  eden space 4608K, 0% used [0x00000000d5580000,0x00000000d5580000,0x00000000d5a00000)
  from space 1024K, 34% used [0x00000000d5a00000,0x00000000d5a58000,0x00000000d5b00000)
  to   space 512K, 0% used [0x00000000d5b80000,0x00000000d5b80000,0x00000000d5c00000)
 ParOldGen       total 869376K, used 750725K [0x0000000080000000, 0x00000000b5100000, 0x00000000d5580000)
  object space 869376K, 86% used [0x0000000080000000,0x00000000add21508,0x00000000b5100000)
 Metaspace       used 94818K, committed 96576K, reserved 1179648K
  class space    used 9500K, committed 10304K, reserved 1048576K
}
Event: 8243.049 GC heap before
{Heap before GC invocations=2386 (full 6):
 PSYoungGen      total 5632K, used 4960K [0x00000000d5580000, 0x00000000d5c00000, 0x0000000100000000)
  eden space 4608K, 100% used [0x00000000d5580000,0x00000000d5a00000,0x00000000d5a00000)
  from space 1024K, 34% used [0x00000000d5a00000,0x00000000d5a58000,0x00000000d5b00000)
  to   space 512K, 0% used [0x00000000d5b80000,0x00000000d5b80000,0x00000000d5c00000)
 ParOldGen       total 869376K, used 750725K [0x0000000080000000, 0x00000000b5100000, 0x00000000d5580000)
  object space 869376K, 86% used [0x0000000080000000,0x00000000add21508,0x00000000b5100000)
 Metaspace       used 94818K, committed 96576K, reserved 1179648K
  class space    used 9500K, committed 10304K, reserved 1048576K
}
Event: 8243.054 GC heap after
{Heap after GC invocations=2386 (full 6):
 PSYoungGen      total 5632K, used 500K [0x00000000d5580000, 0x00000000d5d00000, 0x0000000100000000)
  eden space 5120K, 0% used [0x00000000d5580000,0x00000000d5580000,0x00000000d5a80000)
  from space 512K, 97% used [0x00000000d5b80000,0x00000000d5bfd200,0x00000000d5c00000)
  to   space 1024K, 0% used [0x00000000d5a80000,0x00000000d5a80000,0x00000000d5b80000)
 ParOldGen       total 869376K, used 751053K [0x0000000080000000, 0x00000000b5100000, 0x00000000d5580000)
  object space 869376K, 86% used [0x0000000080000000,0x00000000add73528,0x00000000b5100000)
 Metaspace       used 94818K, committed 96576K, reserved 1179648K
  class space    used 9500K, committed 10304K, reserved 1048576K
}
Event: 8243.060 GC heap before
{Heap before GC invocations=2387 (full 6):
 PSYoungGen      total 5632K, used 5620K [0x00000000d5580000, 0x00000000d5d00000, 0x0000000100000000)
  eden space 5120K, 100% used [0x00000000d5580000,0x00000000d5a80000,0x00000000d5a80000)
  from space 512K, 97% used [0x00000000d5b80000,0x00000000d5bfd200,0x00000000d5c00000)
  to   space 1024K, 0% used [0x00000000d5a80000,0x00000000d5a80000,0x00000000d5b80000)
 ParOldGen       total 869376K, used 751053K [0x0000000080000000, 0x00000000b5100000, 0x00000000d5580000)
  object space 869376K, 86% used [0x0000000080000000,0x00000000add73528,0x00000000b5100000)
 Metaspace       used 94818K, committed 96576K, reserved 1179648K
  class space    used 9500K, committed 10304K, reserved 1048576K
}
Event: 8243.065 GC heap after
{Heap after GC invocations=2387 (full 6):
 PSYoungGen      total 6144K, used 480K [0x00000000d5580000, 0x00000000d5d80000, 0x0000000100000000)
  eden space 5120K, 0% used [0x00000000d5580000,0x00000000d5580000,0x00000000d5a80000)
  from space 1024K, 46% used [0x00000000d5a80000,0x00000000d5af8000,0x00000000d5b80000)
  to   space 1024K, 0% used [0x00000000d5c80000,0x00000000d5c80000,0x00000000d5d80000)
 ParOldGen       total 869376K, used 751581K [0x0000000080000000, 0x00000000b5100000, 0x00000000d5580000)
  object space 869376K, 86% used [0x0000000080000000,0x00000000addf7748,0x00000000b5100000)
 Metaspace       used 94818K, committed 96576K, reserved 1179648K
  class space    used 9500K, committed 10304K, reserved 1048576K
}
Event: 8243.078 GC heap before
{Heap before GC invocations=2388 (full 6):
 PSYoungGen      total 6144K, used 5600K [0x00000000d5580000, 0x00000000d5d80000, 0x0000000100000000)
  eden space 5120K, 100% used [0x00000000d5580000,0x00000000d5a80000,0x00000000d5a80000)
  from space 1024K, 46% used [0x00000000d5a80000,0x00000000d5af8000,0x00000000d5b80000)
  to   space 1024K, 0% used [0x00000000d5c80000,0x00000000d5c80000,0x00000000d5d80000)
 ParOldGen       total 869376K, used 751581K [0x0000000080000000, 0x00000000b5100000, 0x00000000d5580000)
  object space 869376K, 86% used [0x0000000080000000,0x00000000addf7748,0x00000000b5100000)
 Metaspace       used 94818K, committed 96576K, reserved 1179648K
  class space    used 9500K, committed 10304K, reserved 1048576K
}
Event: 8243.097 GC heap after
{Heap after GC invocations=2388 (full 6):
 PSYoungGen      total 7168K, used 634K [0x00000000d5580000, 0x00000000d5d80000, 0x0000000100000000)
  eden space 6144K, 0% used [0x00000000d5580000,0x00000000d5580000,0x00000000d5b80000)
  from space 1024K, 61% used [0x00000000d5c80000,0x00000000d5d1e900,0x00000000d5d80000)
  to   space 1024K, 0% used [0x00000000d5b80000,0x00000000d5b80000,0x00000000d5c80000)
 ParOldGen       total 869376K, used 751957K [0x0000000080000000, 0x00000000b5100000, 0x00000000d5580000)
  object space 869376K, 86% used [0x0000000080000000,0x00000000ade55748,0x00000000b5100000)
 Metaspace       used 94818K, committed 96576K, reserved 1179648K
  class space    used 9500K, committed 10304K, reserved 1048576K
}
Event: 8243.125 GC heap before
{Heap before GC invocations=2389 (full 6):
 PSYoungGen      total 7168K, used 6778K [0x00000000d5580000, 0x00000000d5d80000, 0x0000000100000000)
  eden space 6144K, 100% used [0x00000000d5580000,0x00000000d5b80000,0x00000000d5b80000)
  from space 1024K, 61% used [0x00000000d5c80000,0x00000000d5d1e900,0x00000000d5d80000)
  to   space 1024K, 0% used [0x00000000d5b80000,0x00000000d5b80000,0x00000000d5c80000)
 ParOldGen       total 869376K, used 751957K [0x0000000080000000, 0x00000000b5100000, 0x00000000d5580000)
  object space 869376K, 86% used [0x0000000080000000,0x00000000ade55748,0x00000000b5100000)
 Metaspace       used 94818K, committed 96576K, reserved 1179648K
  class space    used 9500K, committed 10304K, reserved 1048576K
}
Event: 8243.151 GC heap after
{Heap after GC invocations=2389 (full 6):
 PSYoungGen      total 7168K, used 1013K [0x00000000d5580000, 0x00000000d6800000, 0x0000000100000000)
  eden space 6144K, 0% used [0x00000000d5580000,0x00000000d5580000,0x00000000d5b80000)
  from space 1024K, 98% used [0x00000000d5b80000,0x00000000d5c7d4a0,0x00000000d5c80000)
  to   space 5632K, 0% used [0x00000000d6280000,0x00000000d6280000,0x00000000d6800000)
 ParOldGen       total 869376K, used 755660K [0x0000000080000000, 0x00000000b5100000, 0x00000000d5580000)
  object space 869376K, 86% used [0x0000000080000000,0x00000000ae1f3058,0x00000000b5100000)
 Metaspace       used 94818K, committed 96576K, reserved 1179648K
  class space    used 9500K, committed 10304K, reserved 1048576K
}
Event: 8243.178 GC heap before
{Heap before GC invocations=2390 (full 6):
 PSYoungGen      total 7168K, used 7157K [0x00000000d5580000, 0x00000000d6800000, 0x0000000100000000)
  eden space 6144K, 100% used [0x00000000d5580000,0x00000000d5b80000,0x00000000d5b80000)
  from space 1024K, 98% used [0x00000000d5b80000,0x00000000d5c7d4a0,0x00000000d5c80000)
  to   space 5632K, 0% used [0x00000000d6280000,0x00000000d6280000,0x00000000d6800000)
 ParOldGen       total 869376K, used 755660K [0x0000000080000000, 0x00000000b5100000, 0x00000000d5580000)
  object space 869376K, 86% used [0x0000000080000000,0x00000000ae1f3058,0x00000000b5100000)
 Metaspace       used 94818K, committed 96576K, reserved 1179648K
  class space    used 9500K, committed 10304K, reserved 1048576K
}
Event: 8243.191 GC heap after
{Heap after GC invocations=2390 (full 6):
 PSYoungGen      total 12288K, used 4376K [0x00000000d5580000, 0x00000000d6700000, 0x0000000100000000)
  eden space 7680K, 0% used [0x00000000d5580000,0x00000000d5580000,0x00000000d5d00000)
  from space 4608K, 94% used [0x00000000d6280000,0x00000000d66c60c0,0x00000000d6700000)
  to   space 4608K, 0% used [0x00000000d5e00000,0x00000000d5e00000,0x00000000d6280000)
 ParOldGen       total 869376K, used 756702K [0x0000000080000000, 0x00000000b5100000, 0x00000000d5580000)
  object space 869376K, 87% used [0x0000000080000000,0x00000000ae2f7b08,0x00000000b5100000)
 Metaspace       used 94818K, committed 96576K, reserved 1179648K
  class space    used 9500K, committed 10304K, reserved 1048576K
}
Event: 8243.430 GC heap before
{Heap before GC invocations=2391 (full 6):
 PSYoungGen      total 12288K, used 12056K [0x00000000d5580000, 0x00000000d6700000, 0x0000000100000000)
  eden space 7680K, 100% used [0x00000000d5580000,0x00000000d5d00000,0x00000000d5d00000)
  from space 4608K, 94% used [0x00000000d6280000,0x00000000d66c60c0,0x00000000d6700000)
  to   space 4608K, 0% used [0x00000000d5e00000,0x00000000d5e00000,0x00000000d6280000)
 ParOldGen       total 869376K, used 756702K [0x0000000080000000, 0x00000000b5100000, 0x00000000d5580000)
  object space 869376K, 87% used [0x0000000080000000,0x00000000ae2f7b08,0x00000000b5100000)
 Metaspace       used 94818K, committed 96576K, reserved 1179648K
  class space    used 9500K, committed 10304K, reserved 1048576K
}
Event: 8243.492 GC heap after
{Heap after GC invocations=2391 (full 6):
 PSYoungGen      total 10240K, used 1088K [0x00000000d5580000, 0x00000000d6380000, 0x0000000100000000)
  eden space 8704K, 0% used [0x00000000d5580000,0x00000000d5580000,0x00000000d5e00000)
  from space 1536K, 70% used [0x00000000d5e00000,0x00000000d5f10000,0x00000000d5f80000)
  to   space 2560K, 0% used [0x00000000d6100000,0x00000000d6100000,0x00000000d6380000)
 ParOldGen       total 869376K, used 760940K [0x0000000080000000, 0x00000000b5100000, 0x00000000d5580000)
  object space 869376K, 87% used [0x0000000080000000,0x00000000ae71b188,0x00000000b5100000)
 Metaspace       used 94818K, committed 96576K, reserved 1179648K
  class space    used 9500K, committed 10304K, reserved 1048576K
}

Dll operation events (12 events):
Event: 0.827 Loaded shared library c:\Users\lenovo\.vscode\extensions\redhat.java-1.53.0-win32-x64\jre\21.0.10-win32-x86_64\bin\java.dll
Event: 0.909 Loaded shared library c:\Users\lenovo\.vscode\extensions\redhat.java-1.53.0-win32-x64\jre\21.0.10-win32-x86_64\bin\zip.dll
Event: 0.942 Loaded shared library C:\Users\lenovo\.vscode\extensions\redhat.java-1.53.0-win32-x64\jre\21.0.10-win32-x86_64\bin\instrument.dll
Event: 1.391 Loaded shared library C:\Users\lenovo\.vscode\extensions\redhat.java-1.53.0-win32-x64\jre\21.0.10-win32-x86_64\bin\net.dll
Event: 1.708 Loaded shared library C:\Users\lenovo\.vscode\extensions\redhat.java-1.53.0-win32-x64\jre\21.0.10-win32-x86_64\bin\nio.dll
Event: 1.727 Loaded shared library C:\Users\lenovo\.vscode\extensions\redhat.java-1.53.0-win32-x64\jre\21.0.10-win32-x86_64\bin\zip.dll
Event: 1.851 Loaded shared library C:\Users\lenovo\.vscode\extensions\redhat.java-1.53.0-win32-x64\jre\21.0.10-win32-x86_64\bin\jimage.dll
Event: 2.261 Loaded shared library c:\Users\lenovo\.vscode\extensions\redhat.java-1.53.0-win32-x64\jre\21.0.10-win32-x86_64\bin\verify.dll
Event: 22.258 Loaded shared library C:\Users\lenovo\AppData\Roaming\Code\User\globalStorage\redhat.java\1.53.0\config_win\org.eclipse.equinox.launcher\org.eclipse.equinox.launcher.win32.win32.x86_64_1.3.0.v20260203-2149\eclipse_11919.dll
Event: 36.979 Loaded shared library C:\Users\lenovo\AppData\Local\Temp\jna--1106355917\jna508849346134106560.dll
Event: 39.482 Loaded shared library C:\Users\lenovo\.vscode\extensions\redhat.java-1.53.0-win32-x64\jre\21.0.10-win32-x86_64\bin\sunmscapi.dll
Event: 40.267 Loaded shared library C:\Users\lenovo\.vscode\extensions\redhat.java-1.53.0-win32-x64\jre\21.0.10-win32-x86_64\bin\extnet.dll

Deoptimization events (20 events):
Event: 5780.665 Thread 0x00000252fcde3be0 Uncommon trap: trap_request=0xffffff5c fr.pc=0x00000252e8967088 relative=0x0000000000000208
Event: 5780.665 Thread 0x00000252fcde3be0 Uncommon trap: reason=speculate_null_check action=make_not_entrant pc=0x00000252e8967088 method=org.eclipse.jdt.internal.corext.fix.VariableDeclarationFixCore.canAddFinal(Lorg/eclipse/jdt/core/dom/IBinding;Lorg/eclipse/jdt/core/dom/ASTNode;)Z @ 57 c2
Event: 5780.665 Thread 0x00000252fcde3be0 DEOPT PACKING pc=0x00000252e8967088 sp=0x000000c6a89fe7c0
Event: 5780.665 Thread 0x00000252fcde3be0 DEOPT UNPACKING pc=0x00000252e6af6da2 sp=0x000000c6a89fe738 mode 2
Event: 8235.876 Thread 0x00000252fcde5cb0 Uncommon trap: trap_request=0xffffffc6 fr.pc=0x00000252e71fd184 relative=0x00000000000002c4
Event: 8235.877 Thread 0x00000252fcde5cb0 Uncommon trap: reason=bimorphic_or_optimized_type_check action=maybe_recompile pc=0x00000252e71fd184 method=org.eclipse.jdt.internal.compiler.ast.TypeReference.getTypeName(I)[C @ 1 c2
Event: 8235.877 Thread 0x00000252fcde5cb0 DEOPT PACKING pc=0x00000252e71fd184 sp=0x000000c6a69fe4d0
Event: 8235.879 Thread 0x00000252fcde5cb0 DEOPT UNPACKING pc=0x00000252e6af6da2 sp=0x000000c6a69fe3d8 mode 2
Event: 8236.006 Thread 0x00000252fcde5cb0 Uncommon trap: trap_request=0xffffffc6 fr.pc=0x00000252e71fd184 relative=0x00000000000002c4
Event: 8236.006 Thread 0x00000252fcde5cb0 Uncommon trap: reason=bimorphic_or_optimized_type_check action=maybe_recompile pc=0x00000252e71fd184 method=org.eclipse.jdt.internal.compiler.ast.TypeReference.getTypeName(I)[C @ 1 c2
Event: 8236.006 Thread 0x00000252fcde5cb0 DEOPT PACKING pc=0x00000252e71fd184 sp=0x000000c6a69fe4d0
Event: 8236.006 Thread 0x00000252fcde5cb0 DEOPT UNPACKING pc=0x00000252e6af6da2 sp=0x000000c6a69fe3d8 mode 2
Event: 8242.577 Thread 0x00000252fcde5cb0 Uncommon trap: trap_request=0xffffffc6 fr.pc=0x00000252e71fd184 relative=0x00000000000002c4
Event: 8242.577 Thread 0x00000252fcde5cb0 Uncommon trap: reason=bimorphic_or_optimized_type_check action=maybe_recompile pc=0x00000252e71fd184 method=org.eclipse.jdt.internal.compiler.ast.TypeReference.getTypeName(I)[C @ 1 c2
Event: 8242.577 Thread 0x00000252fcde5cb0 DEOPT PACKING pc=0x00000252e71fd184 sp=0x000000c6a69fe500
Event: 8242.577 Thread 0x00000252fcde5cb0 DEOPT UNPACKING pc=0x00000252e6af6da2 sp=0x000000c6a69fe408 mode 2
Event: 8242.892 Thread 0x00000252fcde5cb0 Uncommon trap: trap_request=0xffffffc6 fr.pc=0x00000252e71fd184 relative=0x00000000000002c4
Event: 8242.892 Thread 0x00000252fcde5cb0 Uncommon trap: reason=bimorphic_or_optimized_type_check action=maybe_recompile pc=0x00000252e71fd184 method=org.eclipse.jdt.internal.compiler.ast.TypeReference.getTypeName(I)[C @ 1 c2
Event: 8242.892 Thread 0x00000252fcde5cb0 DEOPT PACKING pc=0x00000252e71fd184 sp=0x000000c6a69fe500
Event: 8242.893 Thread 0x00000252fcde5cb0 DEOPT UNPACKING pc=0x00000252e6af6da2 sp=0x000000c6a69fe408 mode 2

Classes loaded (20 events):
Event: 3778.249 Loading class java/util/stream/ReduceOps$CountingSink$OfRef
Event: 3778.250 Loading class java/util/stream/ReduceOps$CountingSink
Event: 3778.251 Loading class java/util/stream/ReduceOps$CountingSink done
Event: 3778.251 Loading class java/util/stream/ReduceOps$CountingSink$OfRef done
Event: 3778.405 Loading class jdk/internal/module/IllegalAccessLogger
Event: 3778.406 Loading class jdk/internal/module/IllegalAccessLogger done
Event: 3779.016 Loading class java/nio/BufferMismatch
Event: 3779.017 Loading class java/nio/BufferMismatch done
Event: 3836.353 Loading class java/lang/StringLatin1$CharsSpliterator
Event: 3836.356 Loading class java/lang/StringLatin1$CharsSpliterator done
Event: 3857.600 Loading class java/util/regex/Pattern$Behind
Event: 3857.601 Loading class java/util/regex/Pattern$Behind done
Event: 3857.601 Loading class java/util/regex/Pattern$Neg
Event: 3857.601 Loading class java/util/regex/Pattern$Neg done
Event: 4329.030 Loading class java/nio/channels/CompletionHandler
Event: 4329.039 Loading class java/nio/channels/CompletionHandler done
Event: 4401.945 Loading class jdk/internal/module/IllegalAccessLogger
Event: 4401.947 Loading class jdk/internal/module/IllegalAccessLogger done
Event: 4978.222 Loading class jdk/internal/module/IllegalAccessLogger
Event: 4978.226 Loading class jdk/internal/module/IllegalAccessLogger done

Classes unloaded (20 events):
Event: 3699.022 Thread 0x00000252dc422920 Unloading class 0x000002528100d800 'java/lang/invoke/LambdaForm$MH+0x000002528100d800'
Event: 3699.023 Thread 0x00000252dc422920 Unloading class 0x000002528100d400 'java/lang/invoke/LambdaForm$MH+0x000002528100d400'
Event: 3699.023 Thread 0x00000252dc422920 Unloading class 0x000002528100d000 'java/lang/invoke/LambdaForm$MH+0x000002528100d000'
Event: 3699.023 Thread 0x00000252dc422920 Unloading class 0x000002528100cc00 'java/lang/invoke/LambdaForm$MH+0x000002528100cc00'
Event: 3699.023 Thread 0x00000252dc422920 Unloading class 0x000002528100c800 'java/lang/invoke/LambdaForm$BMH+0x000002528100c800'
Event: 3699.023 Thread 0x00000252dc422920 Unloading class 0x000002528100c000 'java/lang/invoke/LambdaForm$DMH+0x000002528100c000'
Event: 3699.023 Thread 0x00000252dc422920 Unloading class 0x0000025281008c00 'java/lang/invoke/LambdaForm$MH+0x0000025281008c00'
Event: 3699.023 Thread 0x00000252dc422920 Unloading class 0x0000025281008800 'java/lang/invoke/LambdaForm$MH+0x0000025281008800'
Event: 3699.023 Thread 0x00000252dc422920 Unloading class 0x0000025281008400 'java/lang/invoke/LambdaForm$MH+0x0000025281008400'
Event: 3699.029 Thread 0x00000252dc422920 Unloading class 0x0000025281007000 'java/lang/invoke/LambdaForm$MH+0x0000025281007000'
Event: 3699.035 Thread 0x00000252dc422920 Unloading class 0x0000025281006800 'java/lang/invoke/LambdaForm$MH+0x0000025281006800'
Event: 3699.036 Thread 0x00000252dc422920 Unloading class 0x0000025281006400 'java/lang/invoke/LambdaForm$MH+0x0000025281006400'
Event: 3699.036 Thread 0x00000252dc422920 Unloading class 0x0000025281006000 'java/lang/invoke/LambdaForm$MH+0x0000025281006000'
Event: 3699.036 Thread 0x00000252dc422920 Unloading class 0x0000025281005c00 'java/lang/invoke/LambdaForm$BMH+0x0000025281005c00'
Event: 3699.036 Thread 0x00000252dc422920 Unloading class 0x0000025281004800 'java/lang/invoke/LambdaForm$DMH+0x0000025281004800'
Event: 3699.036 Thread 0x00000252dc422920 Unloading class 0x0000025281002800 'java/lang/invoke/LambdaForm$MH+0x0000025281002800'
Event: 3699.036 Thread 0x00000252dc422920 Unloading class 0x0000025281002400 'java/lang/invoke/LambdaForm$MH+0x0000025281002400'
Event: 3699.036 Thread 0x00000252dc422920 Unloading class 0x0000025281002000 'java/lang/invoke/LambdaForm$MH+0x0000025281002000'
Event: 3699.036 Thread 0x00000252dc422920 Unloading class 0x0000025281001800 'java/lang/invoke/LambdaForm$MH+0x0000025281001800'
Event: 3699.036 Thread 0x00000252dc422920 Unloading class 0x0000025281000400 'java/lang/invoke/LambdaForm$MH+0x0000025281000400'

Classes redefined (0 events):
No events

Internal exceptions (20 events):
Event: 4397.416 Thread 0x00000252fb97ed70 Exception <a 'java/lang/ArrayIndexOutOfBoundsException'{0x00000000d5b51d48}> (0x00000000d5b51d48) 
thrown [s\src\hotspot\share\runtime\sharedRuntime.cpp, line 625]
Event: 4397.986 Thread 0x00000252fb97ed70 Exception <a 'java/lang/ArrayIndexOutOfBoundsException'{0x00000000d570a2d0}> (0x00000000d570a2d0) 
thrown [s\src\hotspot\share\runtime\sharedRuntime.cpp, line 625]
Event: 4398.444 Thread 0x00000252fa3e26c0 Exception <a 'java/lang/ArrayIndexOutOfBoundsException'{0x00000000d5b0cbc8}> (0x00000000d5b0cbc8) 
thrown [s\src\hotspot\share\runtime\sharedRuntime.cpp, line 625]
Event: 4401.661 Thread 0x00000252f9765e70 Exception <a 'sun/nio/fs/WindowsException'{0x00000000d55d2458}> (0x00000000d55d2458) 
thrown [s\src\hotspot\share\prims\jni.cpp, line 520]
Event: 4402.316 Thread 0x00000252f9765e70 Exception <a 'sun/nio/fs/WindowsException'{0x00000000d5595ac0}> (0x00000000d5595ac0) 
thrown [s\src\hotspot\share\prims\jni.cpp, line 520]
Event: 4476.726 Thread 0x00000252fa3e26c0 Implicit null exception at 0x00000252e7e25769 to 0x00000252e7e26600
Event: 4497.075 Thread 0x00000252fcde1480 Implicit null exception at 0x00000252e857fefa to 0x00000252e8581760
Event: 4632.393 Thread 0x00000252fa3e8fc0 Exception <a 'java/lang/NoSuchMethodError'{0x00000000d5589d30}: 'java.lang.Object java.lang.invoke.DirectMethodHandle$Holder.newInvokeSpecial(java.lang.Object, java.lang.Object, int, java.lang.Object, java.lang.Object, java.lang.Object, java.lang.Object)'> (0x00000000d5589d30) 
thrown [s\src\hotspot\share\interpreter\linkResolver.cpp, line 773]
Event: 4701.492 Thread 0x00000252fcde3550 Exception <a 'sun/nio/fs/WindowsException'{0x00000000d61d2598}> (0x00000000d61d2598) 
thrown [s\src\hotspot\share\prims\jni.cpp, line 520]
Event: 4701.495 Thread 0x00000252fcde3550 Exception <a 'sun/nio/fs/WindowsException'{0x00000000d61d2e60}> (0x00000000d61d2e60) 
thrown [s\src\hotspot\share\prims\jni.cpp, line 520]
Event: 4813.834 Thread 0x00000252fb97ed70 Exception <a 'sun/nio/fs/WindowsException'{0x00000000d56bc428}> (0x00000000d56bc428) 
thrown [s\src\hotspot\share\prims\jni.cpp, line 520]
Event: 4813.834 Thread 0x00000252fb97ed70 Exception <a 'sun/nio/fs/WindowsException'{0x00000000d56bca40}> (0x00000000d56bca40) 
thrown [s\src\hotspot\share\prims\jni.cpp, line 520]
Event: 4833.413 Thread 0x00000252fa3e7580 Exception <a 'java/lang/ArrayIndexOutOfBoundsException'{0x00000000d59db210}> (0x00000000d59db210) 
thrown [s\src\hotspot\share\runtime\sharedRuntime.cpp, line 625]
Event: 4834.375 Thread 0x00000252fbce21a0 Exception <a 'java/lang/ArrayIndexOutOfBoundsException'{0x00000000d5be0d38}> (0x00000000d5be0d38) 
thrown [s\src\hotspot\share\runtime\sharedRuntime.cpp, line 625]
Event: 4834.422 Thread 0x00000252fbce21a0 Exception <a 'java/lang/ArrayIndexOutOfBoundsException'{0x00000000d55e0c50}> (0x00000000d55e0c50) 
thrown [s\src\hotspot\share\runtime\sharedRuntime.cpp, line 625]
Event: 4835.832 Thread 0x00000252fa3e8fc0 Exception <a 'java/lang/ArrayIndexOutOfBoundsException'{0x00000000d5acc300}> (0x00000000d5acc300) 
thrown [s\src\hotspot\share\runtime\sharedRuntime.cpp, line 625]
Event: 4977.699 Thread 0x00000252f9765e70 Exception <a 'sun/nio/fs/WindowsException'{0x00000000d5687868}> (0x00000000d5687868) 
thrown [s\src\hotspot\share\prims\jni.cpp, line 520]
Event: 4978.180 Thread 0x00000252f9765e70 Exception <a 'sun/nio/fs/WindowsException'{0x00000000d5719d48}> (0x00000000d5719d48) 
thrown [s\src\hotspot\share\prims\jni.cpp, line 520]
Event: 5278.353 Thread 0x00000252fcde5620 Exception <a 'sun/nio/fs/WindowsException'{0x00000000d5917088}> (0x00000000d5917088) 
thrown [s\src\hotspot\share\prims\jni.cpp, line 520]
Event: 5278.374 Thread 0x00000252fcde5620 Exception <a 'sun/nio/fs/WindowsException'{0x00000000d5917970}> (0x00000000d5917970) 
thrown [s\src\hotspot\share\prims\jni.cpp, line 520]

ZGC Phase Switch (0 events):
No events

VM Operations (20 events):
Event: 8242.884 Executing safepoint VM operation: ParallelGCFailedAllocation (Allocation Failure)
Event: 8242.888 Executing safepoint VM operation: ParallelGCFailedAllocation (Allocation Failure) done
Event: 8243.049 Executing safepoint VM operation: ParallelGCFailedAllocation (Allocation Failure)
Event: 8243.054 Executing safepoint VM operation: ParallelGCFailedAllocation (Allocation Failure) done
Event: 8243.060 Executing safepoint VM operation: ParallelGCFailedAllocation (Allocation Failure)
Event: 8243.065 Executing safepoint VM operation: ParallelGCFailedAllocation (Allocation Failure) done
Event: 8243.078 Executing safepoint VM operation: ParallelGCFailedAllocation (Allocation Failure)
Event: 8243.097 Executing safepoint VM operation: ParallelGCFailedAllocation (Allocation Failure) done
Event: 8243.125 Executing safepoint VM operation: ParallelGCFailedAllocation (Allocation Failure)
Event: 8243.151 Executing safepoint VM operation: ParallelGCFailedAllocation (Allocation Failure) done
Event: 8243.178 Executing safepoint VM operation: ParallelGCFailedAllocation (Allocation Failure)
Event: 8243.191 Executing safepoint VM operation: ParallelGCFailedAllocation (Allocation Failure) done
Event: 8243.430 Executing safepoint VM operation: ParallelGCFailedAllocation (Allocation Failure)
Event: 8243.492 Executing safepoint VM operation: ParallelGCFailedAllocation (Allocation Failure) done
Event: 8245.513 Executing safepoint VM operation: Cleanup
Event: 8245.513 Executing safepoint VM operation: Cleanup done
Event: 8246.941 Executing non-safepoint VM operation: HandshakeAllThreads (HandshakeForDeflation)
Event: 8246.941 Executing non-safepoint VM operation: HandshakeAllThreads (HandshakeForDeflation) done
Event: 8246.941 Executing non-safepoint VM operation: RendezvousGCThreads
Event: 8246.941 Executing non-safepoint VM operation: RendezvousGCThreads done

Memory protections (0 events):
No events

Nmethod flushes (20 events):
Event: 4400.480 Thread 0x00000252dc422920 flushing  nmethod 0x00000252e2597c10
Event: 4400.480 Thread 0x00000252dc422920 flushing  nmethod 0x00000252e2598a10
Event: 4400.480 Thread 0x00000252dc422920 flushing  nmethod 0x00000252e259c610
Event: 4400.480 Thread 0x00000252dc422920 flushing  nmethod 0x00000252e259f310
Event: 4400.480 Thread 0x00000252dc422920 flushing  nmethod 0x00000252e25c6310
Event: 4400.480 Thread 0x00000252dc422920 flushing  nmethod 0x00000252e25d1410
Event: 4400.480 Thread 0x00000252dc422920 flushing  nmethod 0x00000252e25d3190
Event: 4400.480 Thread 0x00000252dc422920 flushing  nmethod 0x00000252e25d6010
Event: 4400.480 Thread 0x00000252dc422920 flushing  nmethod 0x00000252e25d9310
Event: 4400.480 Thread 0x00000252dc422920 flushing  nmethod 0x00000252e25d9890
Event: 4400.480 Thread 0x00000252dc422920 flushing  nmethod 0x00000252e25dc710
Event: 4400.480 Thread 0x00000252dc422920 flushing  nmethod 0x00000252e25dcd90
Event: 4400.480 Thread 0x00000252dc422920 flushing  nmethod 0x00000252e25dd310
Event: 4400.480 Thread 0x00000252dc422920 flushing  nmethod 0x00000252e25dd890
Event: 4400.480 Thread 0x00000252dc422920 flushing  nmethod 0x00000252e25ddd90
Event: 4400.480 Thread 0x00000252dc422920 flushing  nmethod 0x00000252e25e4410
Event: 4400.481 Thread 0x00000252dc422920 flushing  nmethod 0x00000252e2638090
Event: 4400.481 Thread 0x00000252dc422920 flushing  nmethod 0x00000252e263f490
Event: 4400.481 Thread 0x00000252dc422920 flushing  nmethod 0x00000252e2693a90
Event: 4400.481 Thread 0x00000252dc422920 flushing  nmethod 0x00000252e26b4290

Events (20 events):
Event: 5628.433 Thread 0x00000252fbce21a0 Thread added: 0x00000252fcde7060
Event: 5651.010 Thread 0x00000252fbce21a0 Thread added: 0x00000252fcde2830
Event: 5651.047 Thread 0x00000252fcde2830 Thread added: 0x00000252fcde3550
Event: 5652.462 Thread 0x00000252fbce21a0 Thread added: 0x00000252fcde3be0
Event: 5887.887 Thread 0x00000252fcde3be0 Thread exited: 0x00000252fcde3be0
Event: 6005.770 Thread 0x00000252fcde2830 Thread exited: 0x00000252fcde2830
Event: 6065.761 Thread 0x00000252fcde7060 Thread exited: 0x00000252fcde7060
Event: 6125.925 Thread 0x00000252fcde3550 Thread exited: 0x00000252fcde3550
Event: 6268.662 Thread 0x00000252fbce21a0 Thread added: 0x00000252fcde0760
Event: 6268.710 Thread 0x00000252fbce21a0 Thread added: 0x00000252fcde3550
Event: 6329.225 Thread 0x00000252fcde0760 Thread exited: 0x00000252fcde0760
Event: 6389.228 Thread 0x00000252fcde3550 Thread exited: 0x00000252fcde3550
Event: 6630.823 Thread 0x00000252fbce21a0 Thread added: 0x00000252fcde0760
Event: 6631.175 Thread 0x00000252fbce21a0 Thread added: 0x00000252fcde6340
Event: 6694.929 Thread 0x00000252fcde6340 Thread exited: 0x00000252fcde6340
Event: 6754.947 Thread 0x00000252fcde0760 Thread exited: 0x00000252fcde0760
Event: 8217.263 Thread 0x00000252fbce21a0 Thread added: 0x00000252fcde2830
Event: 8222.670 Thread 0x00000252fbce21a0 Thread added: 0x00000252fcde5cb0
Event: 8236.072 Thread 0x00000252fcde5cb0 Thread added: 0x00000252fcde7060
Event: 8324.442 Thread 0x00000252fcde5cb0 Thread exited: 0x00000252fcde5cb0


Dynamic libraries:
0x00007ff62e590000 - 0x00007ff62e59e000 	c:\Users\lenovo\.vscode\extensions\redhat.java-1.53.0-win32-x64\jre\21.0.10-win32-x86_64\bin\java.exe
0x00007ffe666b0000 - 0x00007ffe668a8000 	C:\WINDOWS\SYSTEM32\ntdll.dll
0x00007ffe64c90000 - 0x00007ffe64d52000 	C:\WINDOWS\System32\KERNEL32.DLL
0x00007ffe64170000 - 0x00007ffe64466000 	C:\WINDOWS\System32\KERNELBASE.dll
0x00007ffe5e600000 - 0x00007ffe5e61e000 	c:\Users\lenovo\.vscode\extensions\redhat.java-1.53.0-win32-x64\jre\21.0.10-win32-x86_64\bin\VCRUNTIME140.dll
0x00007ffe5e120000 - 0x00007ffe5e138000 	c:\Users\lenovo\.vscode\extensions\redhat.java-1.53.0-win32-x64\jre\21.0.10-win32-x86_64\bin\jli.dll
0x00007ffe63f60000 - 0x00007ffe64060000 	C:\WINDOWS\System32\ucrtbase.dll
0x00007ffe646d0000 - 0x00007ffe64871000 	C:\WINDOWS\System32\USER32.dll
0x00007ffe63d40000 - 0x00007ffe63d62000 	C:\WINDOWS\System32\win32u.dll
0x00007ffe64a10000 - 0x00007ffe64a3b000 	C:\WINDOWS\System32\GDI32.dll
0x00007ffe51ea0000 - 0x00007ffe5213b000 	C:\WINDOWS\WinSxS\amd64_microsoft.windows.common-controls_6595b64144ccf1df_6.0.19041.6456_none_60b8a6cb71f64256\COMCTL32.dll
0x00007ffe63d70000 - 0x00007ffe63e89000 	C:\WINDOWS\System32\gdi32full.dll
0x00007ffe64bf0000 - 0x00007ffe64c8e000 	C:\WINDOWS\System32\msvcrt.dll
0x00007ffe63e90000 - 0x00007ffe63f2d000 	C:\WINDOWS\System32\msvcp_win.dll
0x00007ffe65c00000 - 0x00007ffe65c2f000 	C:\WINDOWS\System32\IMM32.DLL
0x00007ffe5e380000 - 0x00007ffe5e38c000 	c:\Users\lenovo\.vscode\extensions\redhat.java-1.53.0-win32-x64\jre\21.0.10-win32-x86_64\bin\vcruntime140_1.dll
0x00007ffe225e0000 - 0x00007ffe2266d000 	c:\Users\lenovo\.vscode\extensions\redhat.java-1.53.0-win32-x64\jre\21.0.10-win32-x86_64\bin\msvcp140.dll
0x00007ffe1c230000 - 0x00007ffe1cfd1000 	c:\Users\lenovo\.vscode\extensions\redhat.java-1.53.0-win32-x64\jre\21.0.10-win32-x86_64\bin\server\jvm.dll
0x00007ffe64d70000 - 0x00007ffe64e21000 	C:\WINDOWS\System32\ADVAPI32.dll
0x00007ffe64fe0000 - 0x00007ffe6507f000 	C:\WINDOWS\System32\sechost.dll
0x00007ffe64a40000 - 0x00007ffe64b60000 	C:\WINDOWS\System32\RPCRT4.dll
0x00007ffe63f30000 - 0x00007ffe63f57000 	C:\WINDOWS\System32\bcrypt.dll
0x00007ffe66530000 - 0x00007ffe6659b000 	C:\WINDOWS\System32\WS2_32.dll
0x00007ffe63ba0000 - 0x00007ffe63beb000 	C:\WINDOWS\SYSTEM32\POWRPROF.dll
0x00007ffe5bde0000 - 0x00007ffe5bdea000 	C:\WINDOWS\SYSTEM32\VERSION.dll
0x00007ffe4fab0000 - 0x00007ffe4fad7000 	C:\WINDOWS\SYSTEM32\WINMM.dll
0x00007ffe63b80000 - 0x00007ffe63b92000 	C:\WINDOWS\SYSTEM32\UMPDC.dll
0x00007ffe62510000 - 0x00007ffe62522000 	C:\WINDOWS\SYSTEM32\kernel.appcore.dll
0x00007ffe5e100000 - 0x00007ffe5e10a000 	c:\Users\lenovo\.vscode\extensions\redhat.java-1.53.0-win32-x64\jre\21.0.10-win32-x86_64\bin\jimage.dll
0x00007ffe61900000 - 0x00007ffe61b01000 	C:\WINDOWS\SYSTEM32\DBGHELP.DLL
0x00007ffe4e8e0000 - 0x00007ffe4e914000 	C:\WINDOWS\SYSTEM32\dbgcore.DLL
0x00007ffe640e0000 - 0x00007ffe64162000 	C:\WINDOWS\System32\bcryptPrimitives.dll
0x00007ffe5df30000 - 0x00007ffe5df3f000 	c:\Users\lenovo\.vscode\extensions\redhat.java-1.53.0-win32-x64\jre\21.0.10-win32-x86_64\bin\instrument.dll
0x00007ffe5dd40000 - 0x00007ffe5dd60000 	c:\Users\lenovo\.vscode\extensions\redhat.java-1.53.0-win32-x64\jre\21.0.10-win32-x86_64\bin\java.dll
0x00007ffe65c30000 - 0x00007ffe663a0000 	C:\WINDOWS\System32\SHELL32.dll
0x00007ffe61d50000 - 0x00007ffe624f5000 	C:\WINDOWS\SYSTEM32\windows.storage.dll
0x00007ffe65880000 - 0x00007ffe65bd4000 	C:\WINDOWS\System32\combase.dll
0x00007ffe63690000 - 0x00007ffe636bb000 	C:\WINDOWS\SYSTEM32\Wldp.dll
0x00007ffe64f10000 - 0x00007ffe64fdd000 	C:\WINDOWS\System32\OLEAUT32.dll
0x00007ffe66480000 - 0x00007ffe6652d000 	C:\WINDOWS\System32\SHCORE.dll
0x00007ffe64880000 - 0x00007ffe648db000 	C:\WINDOWS\System32\shlwapi.dll
0x00007ffe63c70000 - 0x00007ffe63c94000 	C:\WINDOWS\SYSTEM32\profapi.dll
0x00007ffe5cb90000 - 0x00007ffe5cba8000 	c:\Users\lenovo\.vscode\extensions\redhat.java-1.53.0-win32-x64\jre\21.0.10-win32-x86_64\bin\zip.dll
0x00007ffe5d7c0000 - 0x00007ffe5d7d0000 	C:\Users\lenovo\.vscode\extensions\redhat.java-1.53.0-win32-x64\jre\21.0.10-win32-x86_64\bin\net.dll
0x00007ffe592a0000 - 0x00007ffe593aa000 	C:\WINDOWS\SYSTEM32\WINHTTP.dll
0x00007ffe633a0000 - 0x00007ffe6340a000 	C:\WINDOWS\system32\mswsock.dll
0x00007ffe5cac0000 - 0x00007ffe5cad6000 	C:\Users\lenovo\.vscode\extensions\redhat.java-1.53.0-win32-x64\jre\21.0.10-win32-x86_64\bin\nio.dll
0x00007ffe5dd80000 - 0x00007ffe5dd90000 	c:\Users\lenovo\.vscode\extensions\redhat.java-1.53.0-win32-x64\jre\21.0.10-win32-x86_64\bin\verify.dll
0x00007ffe5c760000 - 0x00007ffe5c7a5000 	C:\Users\lenovo\AppData\Roaming\Code\User\globalStorage\redhat.java\1.53.0\config_win\org.eclipse.equinox.launcher\org.eclipse.equinox.launcher.win32.win32.x86_64_1.3.0.v20260203-2149\eclipse_11919.dll
0x00007ffe656a0000 - 0x00007ffe657cb000 	C:\WINDOWS\System32\ole32.dll
0x00007ffe635c0000 - 0x00007ffe635d8000 	C:\WINDOWS\SYSTEM32\CRYPTSP.dll
0x00007ffe62cd0000 - 0x00007ffe62d08000 	C:\WINDOWS\system32\rsaenh.dll
0x00007ffe63c30000 - 0x00007ffe63c5e000 	C:\WINDOWS\SYSTEM32\USERENV.dll
0x00007ffe635e0000 - 0x00007ffe635ec000 	C:\WINDOWS\SYSTEM32\CRYPTBASE.dll
0x00007ffe630a0000 - 0x00007ffe630db000 	C:\WINDOWS\SYSTEM32\IPHLPAPI.DLL
0x00007ffe64d60000 - 0x00007ffe64d68000 	C:\WINDOWS\System32\NSI.dll
0x00007ffe420d0000 - 0x00007ffe42119000 	C:\Users\lenovo\AppData\Local\Temp\jna--1106355917\jna508849346134106560.dll
0x00007ffe66600000 - 0x00007ffe66608000 	C:\WINDOWS\System32\PSAPI.DLL
0x00007ffe5c110000 - 0x00007ffe5c127000 	C:\WINDOWS\SYSTEM32\dhcpcsvc6.DLL
0x00007ffe5bfe0000 - 0x00007ffe5bffd000 	C:\WINDOWS\SYSTEM32\dhcpcsvc.DLL
0x00007ffe5f1b0000 - 0x00007ffe5f1be000 	C:\Users\lenovo\.vscode\extensions\redhat.java-1.53.0-win32-x64\jre\21.0.10-win32-x86_64\bin\sunmscapi.dll
0x00007ffe64570000 - 0x00007ffe646cd000 	C:\WINDOWS\System32\CRYPT32.dll
0x00007ffe63700000 - 0x00007ffe63727000 	C:\WINDOWS\SYSTEM32\ncrypt.dll
0x00007ffe636c0000 - 0x00007ffe636fb000 	C:\WINDOWS\SYSTEM32\NTASN1.dll
0x00007ffe630e0000 - 0x00007ffe631aa000 	C:\WINDOWS\SYSTEM32\DNSAPI.dll
0x00007ffe590e0000 - 0x00007ffe590ea000 	C:\Windows\System32\rasadhlp.dll
0x00007ffe56140000 - 0x00007ffe561c0000 	C:\WINDOWS\System32\fwpuclnt.dll
0x00007ffe5f1a0000 - 0x00007ffe5f1a9000 	C:\Users\lenovo\.vscode\extensions\redhat.java-1.53.0-win32-x64\jre\21.0.10-win32-x86_64\bin\extnet.dll
0x00007ffe62f20000 - 0x00007ffe62f53000 	C:\WINDOWS\SYSTEM32\ntmarta.dll

JVMTI agents:
c:\Users\lenovo\.vscode\extensions\redhat.java-1.53.0-win32-x64\lombok\lombok-1.18.39-4050.jar path:c:\Users\lenovo\.vscode\extensions\redhat.java-1.53.0-win32-x64\jre\21.0.10-win32-x86_64\bin\instrument.dll, loaded, initialized, instrumentlib options:none

dbghelp: loaded successfully - version: 4.0.5 - missing functions: none
symbol engine: initialized successfully - sym options: 0x614 - pdb path: .;c:\Users\lenovo\.vscode\extensions\redhat.java-1.53.0-win32-x64\jre\21.0.10-win32-x86_64\bin;C:\WINDOWS\SYSTEM32;C:\WINDOWS\WinSxS\amd64_microsoft.windows.common-controls_6595b64144ccf1df_6.0.19041.6456_none_60b8a6cb71f64256;c:\Users\lenovo\.vscode\extensions\redhat.java-1.53.0-win32-x64\jre\21.0.10-win32-x86_64\bin\server;C:\Users\lenovo\AppData\Roaming\Code\User\globalStorage\redhat.java\1.53.0\config_win\org.eclipse.equinox.launcher\org.eclipse.equinox.launcher.win32.win32.x86_64_1.3.0.v20260203-2149;C:\Users\lenovo\AppData\Local\Temp\jna--1106355917

VM Arguments:
jvm_args: --add-modules=ALL-SYSTEM --add-opens=java.base/java.util=ALL-UNNAMED --add-opens=java.base/java.lang=ALL-UNNAMED --add-opens=java.base/sun.nio.fs=ALL-UNNAMED -Declipse.application=org.eclipse.jdt.ls.core.id1 -Dosgi.bundles.defaultStartLevel=4 -Declipse.product=org.eclipse.jdt.ls.core.product -Djava.import.generatesMetadataFilesAtProjectRoot=false -DDetectVMInstallationsJob.disabled=true -Dfile.encoding=utf8 -XX:+UseParallelGC -XX:GCTimeRatio=4 -XX:AdaptiveSizePolicyWeight=90 -Dsun.zip.disableMemoryMapping=true -Xmx2G -Xms100m -Xlog:disable -javaagent:c:\Users\lenovo\.vscode\extensions\redhat.java-1.53.0-win32-x64\lombok\lombok-1.18.39-4050.jar -XX:+HeapDumpOnOutOfMemoryError -XX:HeapDumpPath=c:\Users\lenovo\AppData\Roaming\Code\User\workspaceStorage\f5065a6ad8300c071201bc6b57242a69\redhat.java -Daether.dependencyCollector.impl=bf 
java_command: c:\Users\lenovo\.vscode\extensions\redhat.java-1.53.0-win32-x64\server\plugins\org.eclipse.equinox.launcher_1.7.100.v20251111-0406.jar -configuration c:\Users\lenovo\AppData\Roaming\Code\User\globalStorage\redhat.java\1.53.0\config_win -data c:\Users\lenovo\AppData\Roaming\Code\User\workspaceStorage\f5065a6ad8300c071201bc6b57242a69\redhat.java\jdt_ws --pipe=\\.\pipe\lsp-ad2fd0f383ca82334d0fdb00b1f0e4c3-sock
java_class_path (initial): c:\Users\lenovo\.vscode\extensions\redhat.java-1.53.0-win32-x64\server\plugins\org.eclipse.equinox.launcher_1.7.100.v20251111-0406.jar
Launcher Type: SUN_STANDARD

[Global flags]
    uintx AdaptiveSizePolicyWeight                 = 90                                        {product} {command line}
     intx CICompilerCount                          = 4                                         {product} {ergonomic}
    uintx GCTimeRatio                              = 4                                         {product} {command line}
     bool HeapDumpOnOutOfMemoryError               = true                                   {manageable} {command line}
    ccstr HeapDumpPath                             = c:\Users\lenovo\AppData\Roaming\Code\User\workspaceStorage\f5065a6ad8300c071201bc6b57242a69\redhat.java         {manageable} {command line}
   size_t InitialHeapSize                          = 104857600                                 {product} {command line}
   size_t MaxHeapSize                              = 2147483648                                {product} {command line}
   size_t MaxNewSize                               = 715653120                                 {product} {ergonomic}
   size_t MinHeapDeltaBytes                        = 524288                                    {product} {ergonomic}
   size_t MinHeapSize                              = 104857600                                 {product} {command line}
   size_t NewSize                                  = 34603008                                  {product} {ergonomic}
    uintx NonNMethodCodeHeapSize                   = 5839372                                {pd product} {ergonomic}
    uintx NonProfiledCodeHeapSize                  = 122909434                              {pd product} {ergonomic}
   size_t OldSize                                  = 70254592                                  {product} {ergonomic}
    uintx ProfiledCodeHeapSize                     = 122909434                              {pd product} {ergonomic}
    uintx ReservedCodeCacheSize                    = 251658240                              {pd product} {ergonomic}
     bool SegmentedCodeCache                       = true                                      {product} {ergonomic}
   size_t SoftMaxHeapSize                          = 2147483648                             {manageable} {ergonomic}
     bool UseCompressedOops                        = true                           {product lp64_product} {ergonomic}
     bool UseLargePagesIndividualAllocation        = false                                  {pd product} {ergonomic}
     bool UseParallelGC                            = true                                      {product} {command line}

Logging:
Log output configuration:
 #0: stdout all=off uptime,level,tags foldmultilines=false
 #1: stderr all=off uptime,level,tags foldmultilines=false

Release file:
JAVA_VERSION="21.0.10" 
MODULES="java.base java.compiler java.datatransfer java.xml java.prefs java.desktop java.instrument java.logging java.management java.security.sasl java.naming java.rmi java.management.rmi java.net.http java.scripting java.security.jgss java.transaction.xa java.sql java.sql.rowset java.xml.crypto java.se java.smartcardio jdk.accessibility jdk.internal.jvmstat jdk.attach jdk.charsets jdk.internal.opt jdk.zipfs jdk.compiler jdk.crypto.ec jdk.crypto.cryptoki jdk.crypto.mscapi jdk.dynalink jdk.internal.ed jdk.editpad jdk.hotspot.agent jdk.httpserver jdk.internal.le jdk.internal.vm.ci jdk.internal.vm.compiler jdk.internal.vm.compiler.management jdk.jartool jdk.javadoc jdk.jcmd jdk.management jdk.management.agent jdk.jconsole jdk.jdeps jdk.jdwp.agent jdk.jdi jdk.jfr jdk.jshell jdk.jsobject jdk.jstatd jdk.localedata jdk.management.jfr jdk.naming.dns jdk.naming.rmi jdk.net jdk.nio.mapmode jdk.random jdk.sctp jdk.security.auth jdk.security.jgss jdk.unsupported jdk.unsupported.desktop jdk.xml.dom" 

Environment Variables:
JAVA_HOME=C:\Program Files\Java\jdk-22
CLASSPATH=D:\Java Practice\mysql-connector-j-9.0.0.jar;.;
PATH=C:\Program Files\Common Files\Oracle\Java\javapath;C:\WINDOWS\system32;C:\WINDOWS;C:\WINDOWS\System32\Wbem;C:\WINDOWS\System32\WindowsPowerShell\v1.0\;C:\WINDOWS\System32\OpenSSH\;C:\ProgramData\chocolatey\bin;H:\Git\cmd;C:\Program Files\dotnet\;C:\Program Files\nodejs\;C:\MinGW\bin;G:\C++ installer\bin;C:\Program Files\Java\jdk-22\bin;G:\chromedriver-win64\chromedriver-win64;C:\Program Files\MySQL\MySQL Server 8.0\bin;G:\bin;C:\Program Files\Docker\Docker\resources\bin;G:\gradle-8.12\bin;G:\apache-maven-3.9.11\bin;C:\Users\lenovo\AppData\Local\Programs\Python\Python312\Scripts\;C:\Users\lenovo\AppData\Local\Programs\Python\Python312\;C:\Users\lenovo\AppData\Local\Microsoft\WindowsApps;H:\Microsoft VS Code\bin;C:\Users\lenovo\AppData\Roaming\npm;C:\MinGW\bin;C:\Program Files\MongoDB\Server\7.0\bin;C:\msys64\ucrt64\bin;G:\C++ installer\bin;C:\Users\lenovo\go\bin;G:\ngrok-v3-stable-windows-amd64;
USERNAME=lenovo
OS=Windows_NT
PROCESSOR_IDENTIFIER=Intel64 Family 6 Model 126 Stepping 5, GenuineIntel
TMP=C:\Users\lenovo\AppData\Local\Temp
TEMP=C:\Users\lenovo\AppData\Local\Temp




Periodic native trim disabled

---------------  S Y S T E M  ---------------

OS:
 Windows 10 , 64 bit Build 19041 (10.0.19041.5915)
OS uptime: 18 days 15:06 hours
Hyper-V role detected

CPU: total 8 (initial active 8) (4 cores per cpu, 2 threads per core) family 6 model 126 stepping 5 microcode 0xa8, cx8, cmov, fxsr, ht, mmx, 3dnowpref, sse, sse2, sse3, ssse3, sse4.1, sse4.2, popcnt, lzcnt, tsc, tscinvbit, avx, avx2, aes, erms, clmul, bmi1, bmi2, adx, avx512f, avx512dq, avx512cd, avx512bw, avx512vl, sha, fma, vzeroupper, avx512_vpopcntdq, avx512_vpclmulqdq, avx512_vaes, avx512_vnni, clflush, clflushopt, avx512_vbmi2, avx512_vbmi, hv, rdtscp, rdpid, fsrm, gfni, avx512_bitalg, f16c, avx512_ifma
Processor Information for the first 8 processors :
  Max Mhz: 1190, Current Mhz: 991, Mhz Limit: 987

Memory: 4k page, system-wide physical 3891M (64M free)
TotalPageFile size 15667M (AvailPageFile size 10M)
current process WorkingSet (physical memory assigned to process): 8M, peak: 583M
current process commit charge ("private bytes"): 1258M, peak: 1284M

vm_info: OpenJDK 64-Bit Server VM (21.0.10+7-LTS) for windows-amd64 JRE (21.0.10+7-LTS), built on 2026-01-20T00:00:00Z by "admin" with MS VC++ 17.12 (VS2022)

END.
